<?xml version="1.0" encoding="UTF-8"?>
<testsuite name="Snipeit Suites" tests="2" errors="0" failures="0" skipped="0" time="50.067" timestamp="2024-04-30T21:48:49.651050">
<testsuite name="Test Newasset" tests="1" errors="0" failures="0" skipped="0" time="30.296" timestamp="2024-04-30T21:48:49.682311">
<testcase classname="Snipeit Suites.Test Newasset" name="TC001_new_asset" time="29.547">
</testcase>
</testsuite>
<testsuite name="Test Newuser" tests="1" errors="0" failures="0" skipped="0" time="19.740" timestamp="2024-04-30T21:49:19.978012">
<testcase classname="Snipeit Suites.Test Newuser" name="TC001_create_new_user" time="19.722">
</testcase>
</testsuite>
</testsuite>
